#-----------------------------------------------------------
# Vivado v2025.1 (64-bit)
# SW Build 6140274 on Thu May 22 00:12:29 MDT 2025
# IP Build 6138677 on Thu May 22 03:10:11 MDT 2025
# SharedData Build 6139179 on Tue May 20 17:58:58 MDT 2025
# Start of session at: Mon May  4 15:27:28 2026
# Process ID         : 10916
# Current directory  : C:/Users/vaje/Desktop/Salem/SalemPEV/2.5/PEV/Projekt
# Command line       : vivado.exe -gui_launcher_event rodinguilauncherevent4900 C:\Users\vaje\Desktop\Salem\SalemPEV\2.5\PEV\Projekt\Projekt.xpr
# Log file           : C:/Users/vaje/Desktop/Salem/SalemPEV/2.5/PEV/Projekt/vivado.log
# Journal file       : C:/Users/vaje/Desktop/Salem/SalemPEV/2.5/PEV/Projekt\vivado.jou
# Running On         : LRNV-INSTALL
# Platform           : Windows Server 2016 or Windows 10
# Operating System   : 26100
# Processor Detail   : Intel(R) Core(TM) i5-10500 CPU @ 3.10GHz
# CPU Frequency      : 3096 MHz
# CPU Physical cores : 6
# CPU Logical cores  : 12
# Host memory        : 16474 MB
# Swap memory        : 2550 MB
# Total Virtual      : 19024 MB
# Available Virtual  : 15093 MB
#-----------------------------------------------------------
start_gui
open_project C:/Users/vaje/Desktop/Salem/SalemPEV/2.5/PEV/Projekt/Projekt.xpr
reset_run impl_1 -prev_step 
launch_runs impl_1 -to_step write_bitstream -jobs 6
wait_on_run impl_1
update_compile_order -fileset sources_1
open_hw_manager
connect_hw_server -allow_non_jtag
open_hw_target
current_hw_device [get_hw_devices xc7s25_0]
refresh_hw_device -update_hw_probes false [lindex [get_hw_devices xc7s25_0] 0]
set_property PROBES.FILE {} [get_hw_devices xc7s25_0]
set_property FULL_PROBES.FILE {} [get_hw_devices xc7s25_0]
set_property PROGRAM.FILE {C:/Users/vaje/Desktop/Salem/SalemPEV/2.5/PEV/Projekt/Projekt.runs/impl_1/Uvod2_wrapper.bit} [get_hw_devices xc7s25_0]
program_hw_devices [get_hw_devices xc7s25_0]
refresh_hw_device [lindex [get_hw_devices xc7s25_0] 0]
report_ip_status -name ip_status 
update_module_reference [get_ips  Uvod2_svga_0_0]
reset_run synth_1
launch_runs impl_1 -to_step write_bitstream -jobs 6
wait_on_run impl_1
set_property PROBES.FILE {} [get_hw_devices xc7s25_0]
set_property FULL_PROBES.FILE {} [get_hw_devices xc7s25_0]
set_property PROGRAM.FILE {C:/Users/vaje/Desktop/Salem/SalemPEV/2.5/PEV/Projekt/Projekt.runs/impl_1/Uvod2_wrapper.bit} [get_hw_devices xc7s25_0]
program_hw_devices [get_hw_devices xc7s25_0]
refresh_hw_device [lindex [get_hw_devices xc7s25_0] 0]
report_ip_status -name ip_status 
report_ip_status -name ip_status 
update_module_reference [get_ips  Uvod2_svga_0_0]
reset_run synth_1
launch_runs impl_1 -to_step write_bitstream -jobs 6
wait_on_run impl_1
set_property PROBES.FILE {} [get_hw_devices xc7s25_0]
set_property FULL_PROBES.FILE {} [get_hw_devices xc7s25_0]
set_property PROGRAM.FILE {C:/Users/vaje/Desktop/Salem/SalemPEV/2.5/PEV/Projekt/Projekt.runs/impl_1/Uvod2_wrapper.bit} [get_hw_devices xc7s25_0]
program_hw_devices [get_hw_devices xc7s25_0]
refresh_hw_device [lindex [get_hw_devices xc7s25_0] 0]
report_ip_status -name ip_status 
update_module_reference [get_ips  Uvod2_svga_0_0]
reset_run synth_1
launch_runs impl_1 -to_step write_bitstream -jobs 6
wait_on_run impl_1
set_property PROBES.FILE {} [get_hw_devices xc7s25_0]
set_property FULL_PROBES.FILE {} [get_hw_devices xc7s25_0]
set_property PROGRAM.FILE {C:/Users/vaje/Desktop/Salem/SalemPEV/2.5/PEV/Projekt/Projekt.runs/impl_1/Uvod2_wrapper.bit} [get_hw_devices xc7s25_0]
program_hw_devices [get_hw_devices xc7s25_0]
refresh_hw_device [lindex [get_hw_devices xc7s25_0] 0]
report_ip_status -name ip_status 
update_module_reference [get_ips  {Uvod2_svga_0_0 Uvod2_top_0_0}]
reset_run synth_1
launch_runs impl_1 -to_step write_bitstream -jobs 6
wait_on_run impl_1
set_property PROBES.FILE {} [get_hw_devices xc7s25_0]
set_property FULL_PROBES.FILE {} [get_hw_devices xc7s25_0]
set_property PROGRAM.FILE {C:/Users/vaje/Desktop/Salem/SalemPEV/2.5/PEV/Projekt/Projekt.runs/impl_1/Uvod2_wrapper.bit} [get_hw_devices xc7s25_0]
program_hw_devices [get_hw_devices xc7s25_0]
refresh_hw_device [lindex [get_hw_devices xc7s25_0] 0]
undo
report_ip_status -name ip_status 
update_module_reference [get_ips  Uvod2_top_0_0]
reset_run synth_1
launch_runs impl_1 -to_step write_bitstream -jobs 6
wait_on_run impl_1
set_property PROBES.FILE {} [get_hw_devices xc7s25_0]
set_property FULL_PROBES.FILE {} [get_hw_devices xc7s25_0]
set_property PROGRAM.FILE {C:/Users/vaje/Desktop/Salem/SalemPEV/2.5/PEV/Projekt/Projekt.runs/impl_1/Uvod2_wrapper.bit} [get_hw_devices xc7s25_0]
program_hw_devices [get_hw_devices xc7s25_0]
refresh_hw_device [lindex [get_hw_devices xc7s25_0] 0]
